No BLAST hits found for ADENODEAMIN-RXN
No BLAST hits found for RXN-13031
No BLAST hits found for ADDALT-RXN
BLAST hits found for GDPKIN-RXN
BLAST hits found for GMP-SYN-GLUT-RXN
No BLAST hits found for IMP-DEHYDROG-RXN
BLAST hits found for UDPKIN-RXN
No BLAST hits found for 4.3.1.17-RXN
No BLAST hits found for RXN0-366
No BLAST hits found for RXN0-7115
BLAST hits found for F16BDEPHOS-RXN
BLAST hits found for 6PFRUCTPHOS-RXN
No BLAST hits found for P-PANTOCYSLIG-RXN
No BLAST hits found for P-PANTOCYSDECARB-RXN
BLAST hits found for RIBOSYLNICOTINAMIDE-KINASE-RXN
BLAST hits found for XANPRIBOSYLTRAN-RXN
BLAST hits found for RXN0-949
No BLAST hits found for RXN-15513
No BLAST hits found for PEPSYNTH-RXN
No BLAST hits found for RXN-24006
No BLAST hits found for ACETALD-DEHYDROG-RXN
No sequences retrieved for PHOSPHO-DETHIO-RXN
BLAST hits found for NICOTINAMID-RXN
No BLAST hits found for NAD-SYNTH-GLN-RXN
No BLAST hits found for RXN-10035
No BLAST hits found for THYMIDYLATESYN-RXN
No BLAST hits found for HOMOCYSMETB12-RXN
No BLAST hits found for RXN-22438
BLAST hits found for DIHYDROFOLATEREDUCT-RXN
BLAST hits found for CDPKIN-RXN
